// Vitest Snapshot v1

exports[`Pagination Component with default props > should match snapshot 1`] = `
<div
  class="pagination"
  role="pagination"
>
  <button
    class="btn"
  >
    ❮
  </button>
  <div
    class="pages"
  >
    <span
      class="page"
    >
      1
    </span>
    <span
      class="page"
    >
      2
    </span>
    <span
      class="page active-page"
    >
      3
    </span>
    <span
      class="page"
    >
      4
    </span>
    <span
      class="page"
    >
      5
    </span>
    <span
      class="page"
    >
      6
    </span>
  </div>
  <button
    class="btn"
  >
    ❯
  </button>
</div>
`;
